
> clinical@1.0.0 build
> next build

  Ôû▓ Next.js 14.2.35
  - Environments: .env.local

   Creating an optimized production build ...
 Ô£ô Compiled successfully
   Linting and checking validity of types ...
node.exe : Failed to 
compile.
En línea: 1 Carácter: 1
+ & "C:\Program 
Files\nodejs/node.exe" "C:
\Users\diego\AppData\Roami
ng\ ...
+ ~~~~~~~~~~~~~~~~~~~~~~~~
~~~~~~~~~~~~~~~~~~~~~~~~~~
~~~~~~~~~~~~~~~~~~~
    + CategoryInfo        
      : NotSpecified: (F  
  ailed to compile.:Str   
 ing) [], RemoteExcept    
ion
    + FullyQualifiedError 
   Id : NativeCommandErr  
  or
 

./src/app/dashboard/patien
ts/[id]/page.tsx:43:103
Type error: Property 
'name' does not exist on 
type 'Patient'.

[0m [90m 41 |[39m      
                   [33m<
[39m[33m/[39m[33mButton
[39m[33m>[39m[0m
[0m [90m 42 |[39m      
                   [33m<
[39m[33mdiv[39m[33m>[3
9m[0m
[0m[31m[1m>[22m[39m[
90m 43 |[39m             
                
[33m<[39m[33mh1[39m cl
assName[33m=[39m[32m"te
xt-2xl font-bold 
text-gray-900 dark:text-wh
ite"[39m[33m>[39m{patie
nt[33m.[39mname}[33m<[
39m[33m/[39m[33mh1[39m
[33m>[39m[0m
[0m [90m    |[39m      
                          
                          
                          
                   
[31m[1m^[22m[39m[0m
[0m [90m 44 |[39m      
                       
[33m<[39m[33mp[39m cla
ssName[33m=[39m[32m"tex
t-gray-500 dark:text-gray-
400"[39m[33m>[39m{patie
nt[33m.[39memail} ÔÇö 
[33mHistoria[39m 
[33mCl├¡nica[39m [33m#
[39m{patient[33m.[39mid
[33m.[39mslice([35m0[39
m[33m,[39m [35m6[39m)}
[33m<[39m[33m/[39m[33
mp[39m[33m>[39m[0m
[0m [90m 45 |[39m      
                   [33m<
[39m[33m/[39m[33mdiv[3
9m[33m>[39m[0m
[0m [90m 46 |[39m      
               [33m<[39m
[33m/[39m[33mdiv[39m[
33m>[39m[0m
Next.js build worker 
exited with code: 1 and 
signal: null
